// Jest Snapshot v1, https://goo.gl/fbAQLP

exports[`should render <Input /> correctly 1`] = `
<input
  onChange={[Function]}
  type="text"
/>
`;

exports[`should render <Input /> correctly 2`] = `
<input
  onChange={[Function]}
  type="text"
/>
`;
